C51 COMPILER V9.56.0.0   BSP_DELAY                                                         04/13/2017 19:13:51 PAGE 1   


C51 COMPILER V9.56.0.0, COMPILATION OF MODULE BSP_DELAY
OBJECT MODULE PLACED IN ..\Output\bsp_delay.obj
COMPILER INVOKED BY: D:\Program files\AT89C51\C51\BIN\C51.EXE ..\User\bsp_delay.c OPTIMIZE(8,SPEED) BROWSE INCDIR(..\Use
                    -r) DEBUG OBJECTEXTEND PRINT(..\Listing\bsp_delay.lst) TABS(6) OBJECT(..\Output\bsp_delay.obj)

line level    source

   1          #include "bsp_delay.h" 
   2          #define uchar unsigned char
   3                
   4          extern uchar temp;
   5          void delay_ms(u8 ms)
   6          {
   7   1            u32 temp;
   8   1            
   9   1            for( ; ms > 0; ms--)
  10   1            {
  11   2                  for(temp = 500; temp > 0; temp--);
  12   2            }
  13   1      }


MODULE INFORMATION:   STATIC OVERLAYABLE
   CODE SIZE        =     23    ----
   CONSTANT SIZE    =   ----    ----
   XDATA SIZE       =   ----    ----
   PDATA SIZE       =   ----    ----
   DATA SIZE        =   ----    ----
   IDATA SIZE       =   ----    ----
   BIT SIZE         =   ----    ----
END OF MODULE INFORMATION.


C51 COMPILATION COMPLETE.  0 WARNING(S),  0 ERROR(S)
